
[1m[46m RUN [49m[22m [36mv3.2.6 [39m[90mC:/Code/audit-tools[39m

 [32m✓[39m tests/shared/subprocessTemplateProvider.test.ts [2m([22m[2m8 tests[22m[2m)[22m[32m 13[2mms[22m[39m
 [32m✓[39m tests/shared/claudeOAuthQuotaSource.test.ts [2m([22m[2m28 tests[22m[2m)[22m[32m 52[2mms[22m[39m
 [31m❯[39m tests/shared/friction-derived-observations.test.ts [2m([22m[2m14 tests[22m[2m | [22m[31m1 failed[39m[2m)[22m[32m 71[2mms[22m[39m
   [32m✓[39m measureFrictionCost: round_trips is the event count; a single event has no re-authors[32m 1[2mms[22m[39m
[31m   [31m×[31m measureFrictionCost: repeated touches on one subject count as verbatim re-authors; tokens sum best-effort[39m[32m 6[2mms[22m[39m
[31m     → expected 2 to be 3 // Object.is equality[39m
   [32m✓[39m costSignalsSurface: below the threshold does NOT fire, at/above the threshold fires[32m 0[2mms[22m[39m
   [32m✓[39m deriveFrictionObservations: N same-artifact same-category events collapse to ONE surfaced observation[32m 1[2mms[22m[39m
   [32m✓[39m deriveFrictionObservations: a SINGLE event is reported but does NOT surface (below MUST NOT fire)[32m 0[2mms[22m[39m
   [32m✓[39m deriveFrictionObservations: only REAL-category events feed the walk (untagged legacy events excluded)[32m 0[2mms[22m[39m
   [32m✓[39m deriveFrictionObservations: distinct categories on the SAME artifact stay distinct observations, ordered canonically[32m 0[2mms[22m[39m
   [32m✓[39m prepopulatedObservations: emits the open_observations shape with a REAL category, never 'trap'[32m 1[2mms[22m[39m
   [32m✓[39m stepBoundaryFrictionCategory maps every named fact to a REAL category and degrades unknowns safely[32m 0[2mms[22m[39m
   [32m✓[39m decideFrictionTriage pre-populates a category from N same-artifact mechanical events[32m 19[2mms[22m[39m
   [32m✓[39m decideFrictionTriage: a lone mechanical event does NOT pre-cover its category (below MUST NOT fire)[32m 10[2mms[22m[39m
   [32m✓[39m decideFrictionTriage: re-derive is idempotent and PRESERVES host-authored observations[32m 22[2mms[22m[39m
   [32m✓[39m friction-stop-gate hook FRICTION_CATEGORIES stays in parity with the source of truth[32m 1[2mms[22m[39m
   [32m✓[39m capture→triage round trip with an underscore-bearing run id: pending events and recordPath use the SINGLE canonical file[32m 10[2mms[22m[39m
 [32m✓[39m tests/shared/unified-rolling.test.ts [2m([22m[2m9 tests[22m[2m)[22m[33m 437[2mms[22m[39m
 [32m✓[39m tests/remediate/quota-file-lock.test.ts [2m([22m[2m12 tests[22m[2m)[22m[33m 6555[2mms[22m[39m
   [33m[2m✓[22m[39m DR-008 — fileLock concurrent-acquirer contention[2m > [22monly one acquirer holds the lock at any instant (N=8 concurrent callers) [33m 2327[2mms[22m[39m
   [33m[2m✓[22m[39m DR-008 — fileLock concurrent-acquirer contention[2m > [22mall N callers eventually acquire without deadlock (no FileLockTimeoutError) [33m 1306[2mms[22m[39m
   [33m[2m✓[22m[39m DR-008 — fileLock stale-lock recovery[2m > [22mconcurrent callers racing on a stale lock: exactly one acquires without error [33m 369[2mms[22m[39m
   [33m[2m✓[22m[39m DR-008 — withFileLock serializes concurrent writers on shared counter[2m > [22mN concurrent withFileLock calls produce no lost updates on a shared counter file [33m 2330[2mms[22m[39m

[2m Test Files [22m [1m[31m1 failed[39m[22m[2m | [22m[1m[32m4 passed[39m[22m[90m (5)[39m
[2m      Tests [22m [1m[31m1 failed[39m[22m[2m | [22m[1m[32m70 passed[39m[22m[90m (71)[39m
[2m   Start at [22m 12:45:18
[2m   Duration [22m 7.91s[2m (transform 1.04s, setup 28ms, collect 1.90s, tests 7.13s, environment 1ms, prepare 463ms)[22m


⏱ vitest timing (per-file wall, summed across workers):
   remediate  7.7s
   shared     1.8s
   collect≈1.9s  run≈7.1s  files=5
   slowest files:
     7.7s  tests/remediate/quota-file-lock.test.ts (collect 1.0s, run 6.6s)
     0.9s  tests/shared/unified-rolling.test.ts (collect 0.3s, run 0.4s)
     0.4s  tests/shared/friction-derived-observations.test.ts (collect 0.2s, run 0.1s)
     0.3s  tests/shared/claudeOAuthQuotaSource.test.ts (collect 0.1s, run 0.1s)
     0.3s  tests/shared/subprocessTemplateProvider.test.ts (collect 0.2s, run 0.0s)
   outcome: 70 passed, 1 failed, 0 skipped, 0 unfinished (total 71)
   failed files (advisory console echo — the ledger's `outcome` field is the source of truth):
     - tests/shared/friction-derived-observations.test.ts
   parallel-flake baseline (win32-cpu16-w16, load=parallel):
     1 UNRECOGNIZED — these stay RED:
       - tests/shared/friction-derived-observations.test.ts > measureFrictionCost: repeated touches on one subject count as verbatim re-authors; tokens sum best-effort
     this run saw something the baseline does not record — NOT written. Re-baseline deliberately on a tree you have decided is green: `npm run test:rebaseline-flakes`.
