npm notice run audit-tools@0.36.1 npx
npm notice run vitest run tests/remediate/fixture-generator-drift-guard.test.ts tests/remediate/host-bootstrap-descriptors-remediate.test.ts

[1m[46m RUN [49m[22m [36mv3.2.6 [39m[90mC:/Code/audit-tools[39m

 [32m✓[39m tests/remediate/host-bootstrap-descriptors-remediate.test.ts [2m([22m[2m5 tests[22m[2m)[22m[32m 5[2mms[22m[39m
 [32m✓[39m tests/remediate/fixture-generator-drift-guard.test.ts [2m([22m[2m3 tests[22m[2m)[22m[33m 775[2mms[22m[39m

[2m Test Files [22m [1m[32m2 passed[39m[22m[90m (2)[39m
[2m      Tests [22m [1m[32m8 passed[39m[22m[90m (8)[39m
[2m   Start at [22m 12:42:23
[2m   Duration [22m 1.07s[2m (transform 55ms, setup 14ms, collect 40ms, tests 780ms, environment 0ms, prepare 150ms)[22m


⏱ vitest timing (per-file wall, summed across workers):
   remediate  1.0s
   collect≈0.0s  run≈0.8s  files=2
   slowest files:
     0.9s  tests/remediate/fixture-generator-drift-guard.test.ts (collect 0.0s, run 0.8s)
     0.1s  tests/remediate/host-bootstrap-descriptors-remediate.test.ts (collect 0.0s, run 0.0s)
   outcome: 8 passed, 0 failed, 0 skipped, 0 unfinished (total 8)
