npm notice run audit-tools@0.36.1 npx
npm notice run vitest run tests/remediate/accept-reconcile-kill-window.test.ts tests/remediate/checkpoint-filter.test.ts tests/remediate/deferred-clarification.test.ts tests/remediate/finding-filter.test.ts tests/remediate/hybrid-decision-point-pools.test.ts tests/remediate/hybrid-inprocess.test.ts tests/remediate/item-status.test.ts tests/remediate/lean-fast-path.test.ts tests/remediate/outcomes-roundtrip.test.ts tests/remediate/partial-completion-terminal.test.ts

[1m[46m RUN [49m[22m [36mv3.2.6 [39m[90mC:/Code/audit-tools[39m

 [32m✓[39m tests/remediate/item-status.test.ts [2m([22m[2m38 tests[22m[2m)[22m[32m 7[2mms[22m[39m
 [32m✓[39m tests/remediate/checkpoint-filter.test.ts [2m([22m[2m10 tests[22m[2m)[22m[32m 6[2mms[22m[39m
{"level":"info","event":"cross_lens_dedup_merge","absorbed_id":"F-COR","absorbed_lens":"correctness","survivor_id":"F-SEC","survivor_lens":"security","ts":"2026-08-06T18:58:47.212Z"}
 [32m✓[39m tests/remediate/finding-filter.test.ts [2m([22m[2m3 tests[22m[2m)[22m[32m 281[2mms[22m[39m
[90mstdout[2m | tests/remediate/outcomes-roundtrip.test.ts[2m > [22m[2mremediation-outcomes round-trip (OBL-018)[2m > [22m[2mthe written outcomes file carries no top-level key the schema rejects (DAT-99284fb4)
[22m[39mRunning Close Phase...

[90mstdout[2m | tests/remediate/outcomes-roundtrip.test.ts[2m > [22m[2mremediation-outcomes round-trip (OBL-018)[2m > [22m[2mthe written outcomes file carries no top-level key the schema rejects (DAT-99284fb4)
[22m[39mRunning full test suite on combined post-remediation state...
Executing closing action: none

[90mstdout[2m | tests/remediate/partial-completion-terminal.test.ts[2m > [22m[2mN-CE301: partial_completion_terminal on RemediationState[2m > [22m[2mpartial_completion_terminal marks non-terminal items blocked and folds to present_report
[22m[39mRunning Close Phase...

[90mstdout[2m | tests/remediate/partial-completion-terminal.test.ts[2m > [22m[2mN-CE301: partial_completion_terminal on RemediationState[2m > [22m[2mpartial_completion_terminal marks non-terminal items blocked and folds to present_report
[22m[39mRunning full test suite on combined post-remediation state...
Executing closing action: none

[remediate-code] dispatch: merged 0 implement result(s), 0 rejected
[90mstdout[2m | tests/remediate/outcomes-roundtrip.test.ts[2m > [22m[2mremediation-outcomes round-trip (OBL-018)[2m > [22m[2mthe written outcomes file carries no top-level key the schema rejects (DAT-99284fb4)
[22m[39mRemediation report generated.

[90mstdout[2m | tests/remediate/partial-completion-terminal.test.ts[2m > [22m[2mN-CE301: partial_completion_terminal on RemediationState[2m > [22m[2mpartial_completion_terminal marks non-terminal items blocked and folds to present_report
[22m[39mRemediation report generated.

[remediate-code] dispatch: merged 0 implement result(s), 0 rejected
[90mstdout[2m | tests/remediate/outcomes-roundtrip.test.ts[2m > [22m[2mremediation-outcomes round-trip (OBL-018)[2m > [22m[2ma completed run writes an outcomes entry for every terminal disposition class
[22m[39mRunning Close Phase...

[90mstdout[2m | tests/remediate/outcomes-roundtrip.test.ts[2m > [22m[2mremediation-outcomes round-trip (OBL-018)[2m > [22m[2ma completed run writes an outcomes entry for every terminal disposition class
[22m[39mRunning full test suite on combined post-remediation state...
Executing closing action: none

[quota] waveScheduler: Quota state dir not set — call setQuotaStateDir() first.; degrading to no learned quota state (no cooldowns, no learned limits)
[90mstdout[2m | tests/remediate/partial-completion-terminal.test.ts[2m > [22m[2mN-CE301: partial_completion_terminal on RemediationState[2m > [22m[2malready-terminal items are NOT re-marked by the partial-completion terminal
[22m[39mRunning Close Phase...

[90mstdout[2m | tests/remediate/partial-completion-terminal.test.ts[2m > [22m[2mN-CE301: partial_completion_terminal on RemediationState[2m > [22m[2malready-terminal items are NOT re-marked by the partial-completion terminal
[22m[39mRunning full test suite on combined post-remediation state...
Executing closing action: none

[remediate-code] Lean fast path (risk tier low): localized, low-risk change (2 file(s), no risk-subsystem or intent match); light review clear. Routing to plan→implement.
[90mstdout[2m | tests/remediate/outcomes-roundtrip.test.ts[2m > [22m[2mremediation-outcomes round-trip (OBL-018)[2m > [22m[2ma completed run writes an outcomes entry for every terminal disposition class
[22m[39mRemediation report generated.

[quota] waveScheduler: Quota state dir not set — call setQuotaStateDir() first.; degrading to no learned quota state (no cooldowns, no learned limits)
[remediate-code] dispatch: implement 1 item(s) source=provider_default cap=none
[remediate-code] WARNING: host self-quota monitoring is BLIND — no live quota snapshot (no /usage reading: absent quota config or dark credential). This 1-item implement wave is UNPACED and UNCAPPED (declare a host concurrency limit to bound it).
[90mstdout[2m | tests/remediate/partial-completion-terminal.test.ts[2m > [22m[2mN-CE301: partial_completion_terminal on RemediationState[2m > [22m[2malready-terminal items are NOT re-marked by the partial-completion terminal
[22m[39mRemediation report generated.

[90mstdout[2m | tests/remediate/outcomes-roundtrip.test.ts[2m > [22m[2mremediation-outcomes round-trip (OBL-018)[2m > [22m[2mFinding[] with spec and block context round-trips from remediation-outcomes.json alone
[22m[39mRunning Close Phase...

[90mstdout[2m | tests/remediate/outcomes-roundtrip.test.ts[2m > [22m[2mremediation-outcomes round-trip (OBL-018)[2m > [22m[2mFinding[] with spec and block context round-trips from remediation-outcomes.json alone
[22m[39mRunning full test suite on combined post-remediation state...
Executing closing action: none

[quota] waveScheduler: Quota state dir not set — call setQuotaStateDir() first.; degrading to no learned quota state (no cooldowns, no learned limits)
[remediate-code] dispatch: merged 0 implement result(s), 0 rejected
[quota] waveScheduler: Quota state dir not set — call setQuotaStateDir() first.; degrading to no learned quota state (no cooldowns, no learned limits)
[90mstdout[2m | tests/remediate/outcomes-roundtrip.test.ts[2m > [22m[2mremediation-outcomes round-trip (OBL-018)[2m > [22m[2mFinding[] with spec and block context round-trips from remediation-outcomes.json alone
[22m[39mRemediation report generated.

[90mstdout[2m | tests/remediate/deferred-clarification.test.ts[2m > [22m[2m(b) the dead-end sweep does not blame an unanswered question[2m > [22m[2mdead-ends the same dependent once the answer disposes its upstream
[22m[39mRunning Triage Phase...

[90mstdout[2m | tests/remediate/deferred-clarification.test.ts[2m > [22m[2m(b) the dead-end sweep does not blame an unanswered question[2m > [22m[2mdead-ends the same dependent once the answer disposes its upstream
[22m[39m[triage] F2: auto-retrying (contract failure, attempt 1/2).
Auto-retrying blocked findings within their retry budget.

[90mstdout[2m | tests/remediate/deferred-clarification.test.ts[2m > [22m[2m(b) the dead-end sweep does not blame an unanswered question[2m > [22m[2mdead-ends the same dependent once the answer disposes its upstream
[22m[39mRunning Triage Phase...

[90mstdout[2m | tests/remediate/deferred-clarification.test.ts[2m > [22m[2m(b) the dead-end sweep does not blame an unanswered question[2m > [22m[2mdead-ends the same dependent once the answer disposes its upstream
[22m[39m[triage] F2: auto-retrying (contract failure, attempt 2/2).
Auto-retrying blocked findings within their retry budget.

 [32m✓[39m tests/remediate/outcomes-roundtrip.test.ts [2m([22m[2m3 tests[22m[2m)[22m[33m 587[2mms[22m[39m
[90mstdout[2m | tests/remediate/deferred-clarification.test.ts[2m > [22m[2m(b) the dead-end sweep does not blame an unanswered question[2m > [22m[2mdead-ends the same dependent once the answer disposes its upstream
[22m[39mRunning Triage Phase...

[90mstderr[2m | tests/remediate/deferred-clarification.test.ts[2m > [22m[2m(b) the dead-end sweep does not blame an unanswered question[2m > [22m[2mdead-ends the same dependent once the answer disposes its upstream
[22m[39m[triage] F2: contract retry budget exhausted (2/2) — routing to human triage.

[90mstderr[2m | tests/remediate/deferred-clarification.test.ts[2m > [22m[2m(b) the dead-end sweep does not blame an unanswered question[2m > [22m[2mdead-ends the same dependent once the answer disposes its upstream
[22m[39m
Found 1 blocked items. Wrote triage_batch.json.
Please write triage_resolution.json and run again to continue.

 [32m✓[39m tests/remediate/deferred-clarification.test.ts [2m([22m[2m10 tests[22m[2m)[22m[33m 596[2mms[22m[39m
[quota] waveScheduler: Quota state dir not set — call setQuotaStateDir() first.; degrading to no learned quota state (no cooldowns, no learned limits)
[remediate-code] dispatch: implement 2 item(s) source=provider_default cap=none
[remediate-code] WARNING: host self-quota monitoring is BLIND — no live quota snapshot (no /usage reading: absent quota config or dark credential). This 2-item implement wave is UNPACED and UNCAPPED (declare a host concurrency limit to bound it).
[remediate-code] remediation changes land on branch remediation/PLAN-HYB-DP (base branch left untouched)
[remediate-code] dispatch: implement 3 item(s) host-owned; no local admission or concurrency cap
 [32m✓[39m tests/remediate/partial-completion-terminal.test.ts [2m([22m[2m12 tests[22m[2m)[22m[33m 700[2mms[22m[39m
[remediate-code] dispatch: implement 2 item(s) host-owned; no local admission or concurrency cap
 [32m✓[39m tests/remediate/lean-fast-path.test.ts [2m([22m[2m14 tests[22m[2m)[22m[33m 1098[2mms[22m[39m
   [33m[2m✓[22m[39m decideNextStep — lean path = the low risk tier (integration)[2m > [22mroutes a small grounded high-confidence structured-audit batch past the contract pipeline [33m 750[2mms[22m[39m
[remediate-code] preserved failed node KB-1 commit 4cb133d6 at refs/remediation-quarantine/RUN-KILL/KB-1 for recovery
[90mstdout[2m | tests/remediate/accept-reconcile-kill-window.test.ts[2m > [22m[2mCE-201 retry-window kill-variant (window 1: killed between cherry-pick and record)[2m > [22m[2mNEGATIVE→POSITIVE: a landed block with a stale merged:false sidecar force-closes resolved, never blocked
[22m[39mRunning Close Phase...

[90mstdout[2m | tests/remediate/accept-reconcile-kill-window.test.ts[2m > [22m[2mCE-201 retry-window kill-variant (window 1: killed between cherry-pick and record)[2m > [22m[2mNEGATIVE→POSITIVE: a landed block with a stale merged:false sidecar force-closes resolved, never blocked
[22m[39mRunning full test suite on combined post-remediation state...
Executing closing action: none

[90mstdout[2m | tests/remediate/accept-reconcile-kill-window.test.ts[2m > [22m[2mCE-201 retry-window kill-variant (window 1: killed between cherry-pick and record)[2m > [22m[2mNEGATIVE→POSITIVE: a landed block with a stale merged:false sidecar force-closes resolved, never blocked
[22m[39mRemediation report generated.

 [32m✓[39m tests/remediate/accept-reconcile-kill-window.test.ts [2m([22m[2m2 tests[22m[2m)[22m[33m 4147[2mms[22m[39m
   [33m[2m✓[22m[39m CE-201 retry-window kill-variant (window 1: killed between cherry-pick and record)[2m > [22mNEGATIVE→POSITIVE: a landed block with a stale merged:false sidecar force-closes resolved, never blocked [33m 2629[2mms[22m[39m
   [33m[2m✓[22m[39m CE-201 window 2 (killed between record and state merge) + no-evidence control[2m > [22mNEGATIVE→POSITIVE: reconcileAcceptOutcomes resolves in-progress items of a merged:true sidecar [33m 1190[2mms[22m[39m
 [32m✓[39m tests/remediate/hybrid-decision-point-pools.test.ts [2m([22m[2m1 test[22m[2m)[22m[33m 5045[2mms[22m[39m
   [33m[2m✓[22m[39m hybrid decision point — the pools the drive receives (H2+H4 residual pin)[2m > [22mexcludes a CROSS-CYCLE settled backend pool from the drive: no node is dispatched to it, even though it is the cost-preferred pool [33m 5034[2mms[22m[39m
 [32m✓[39m tests/remediate/hybrid-inprocess.test.ts [2m([22m[2m4 tests[22m[2m)[22m[33m 5950[2mms[22m[39m
   [33m[2m✓[22m[39m A-8 in-process partition via the rolling engine (H2+H4 collapse)[2m > [22mdrives each coordinator-claimed node on its backend pool with ADOPTED claims, merges into HEAD, releases the claim [33m 4632[2mms[22m[39m
   [33m[2m✓[22m[39m A-8 in-process partition via the rolling engine (H2+H4 collapse)[2m > [22ma worker that errors is NOT merged and is left for triage, but its claim is still released [33m 494[2mms[22m[39m
   [33m[2m✓[22m[39m A-8 prepareHostRollingDispatch (hybrid partition)[2m > [22mrestricts the frontier to the host partition and REUSES the coordinator's claims (no re-claim) [33m 561[2mms[22m[39m

[2m Test Files [22m [1m[32m10 passed[39m[22m[90m (10)[39m
[2m      Tests [22m [1m[32m97 passed[39m[22m[90m (97)[39m
[2m   Start at [22m 11:58:45
[2m   Duration [22m 8.52s[2m (transform 1.95s, setup 122ms, collect 17.98s, tests 18.42s, environment 1ms, prepare 1.30s)[22m


⏱ vitest timing (per-file wall, summed across workers):
   remediate  37.8s
   collect≈18.0s  run≈18.4s  files=10
   slowest files:
     8.2s  tests/remediate/hybrid-inprocess.test.ts (collect 2.1s, run 6.0s)
     7.3s  tests/remediate/hybrid-decision-point-pools.test.ts (collect 2.1s, run 5.0s)
     6.2s  tests/remediate/accept-reconcile-kill-window.test.ts (collect 1.9s, run 4.1s)
     3.4s  tests/remediate/lean-fast-path.test.ts (collect 2.2s, run 1.1s)
     3.0s  tests/remediate/partial-completion-terminal.test.ts (collect 2.1s, run 0.7s)
     2.9s  tests/remediate/deferred-clarification.test.ts (collect 2.1s, run 0.6s)
     2.8s  tests/remediate/outcomes-roundtrip.test.ts (collect 2.1s, run 0.6s)
     2.0s  tests/remediate/finding-filter.test.ts (collect 1.6s, run 0.3s)
     1.7s  tests/remediate/checkpoint-filter.test.ts (collect 1.6s, run 0.0s)
     0.3s  tests/remediate/item-status.test.ts (collect 0.1s, run 0.0s)
   outcome: 97 passed, 0 failed, 0 skipped, 0 unfinished (total 97)
